../MCU/STM32F103x6_USART_Driver.c:44:10:CalculateUSARTDIV	40	static
../MCU/STM32F103x6_USART_Driver.c:95:6:MCAL_USART_ConfigurePin	24	static
../MCU/STM32F103x6_USART_Driver.c:226:6:MCAL_USART_Init	32	static
../MCU/STM32F103x6_USART_Driver.c:292:6:MCAL_USART_DeInit	16	static
../MCU/STM32F103x6_USART_Driver.c:311:6:MCAL_USART_SendData	24	static
../MCU/STM32F103x6_USART_Driver.c:358:6:MCAL_USART_ReceiveData	24	static
../MCU/STM32F103x6_USART_Driver.c:451:6:USART1_IRQHandler	8	static
../MCU/STM32F103x6_USART_Driver.c:455:6:USART2_IRQHandler	8	static
../MCU/STM32F103x6_USART_Driver.c:459:6:USART3_IRQHandler	8	static
