
Memory Configuration

Name             Origin             Length             Attributes
FLASH            0x00000000         0x20000000         xr
SRAM             0x20000000         0x20000000         xrw
*default*        0x00000000         0xffffffff

Linker script and memory map


.text           0x00000000      0x150
 *(.vectors*)
 .vectors       0x00000000       0x1c startup.o
                0x00000000                vectors_ArrOfPtrToFunc
 *(.text*)
 .text          0x0000001c       0x8c main.o
                0x0000001c                main
 .text          0x000000a8       0xa8 startup.o
                0x000000a8                Reset_handler
                0x00000144                Bus_fault_handler
                0x00000144                HW_fault_handler
                0x00000144                Usage_fault_handler
                0x00000144                MM_fault_handler
                0x00000144                Default_handler
                0x00000144                NMI_handler
 *.rodata()
                0x00000150                        _END_text = .

.glue_7         0x00000150        0x0
 .glue_7        0x00000150        0x0 linker stubs

.glue_7t        0x00000150        0x0
 .glue_7t       0x00000150        0x0 linker stubs

.vfp11_veneer   0x00000150        0x0
 .vfp11_veneer  0x00000150        0x0 linker stubs

.v4_bx          0x00000150        0x0
 .v4_bx         0x00000150        0x0 linker stubs

.iplt           0x00000150        0x0
 .iplt          0x00000150        0x0 startup.o

.rel.dyn        0x00000150        0x0
 .rel.iplt      0x00000150        0x0 startup.o

.data           0x20000000        0x4 load address 0x00000150
                0x20000000                        _START_data = .
 *(.data)
 .data          0x20000000        0x3 main.o
                0x20000000                DataArr
 .data          0x20000003        0x0 startup.o
                0x20000004                        . = ALIGN (0x4)
 *fill*         0x20000003        0x1 
                0x20000004                        _END_data = .

.igot.plt       0x20000004        0x0 load address 0x00000154
 .igot.plt      0x20000004        0x0 startup.o

.bss            0x20000004      0x408 load address 0x00000154
                0x20000004                        _START_bss = .
 *(.bss)
 .bss           0x20000004        0x8 main.o
                0x20000004                BssStruct
 .bss           0x2000000c      0x400 startup.o
                0x2000040c                        . = ALIGN (0x4)
                0x2000040c                        _END_bss = .
LOAD main.o
LOAD startup.o
OUTPUT(TivaC_Toggle_Green.elf elf32-littlearm)
LOAD linker stubs

.debug_info     0x00000000      0x346
 .debug_info    0x00000000      0x17c main.o
 .debug_info    0x0000017c      0x1ca startup.o

.debug_abbrev   0x00000000      0x1bd
 .debug_abbrev  0x00000000       0xc8 main.o
 .debug_abbrev  0x000000c8       0xf5 startup.o

.debug_loc      0x00000000       0xb4
 .debug_loc     0x00000000       0x38 main.o
 .debug_loc     0x00000038       0x7c startup.o

.debug_aranges  0x00000000       0x40
 .debug_aranges
                0x00000000       0x20 main.o
 .debug_aranges
                0x00000020       0x20 startup.o

.debug_line     0x00000000      0x516
 .debug_line    0x00000000      0x278 main.o
 .debug_line    0x00000278      0x29e startup.o

.debug_str      0x00000000      0x1ed
 .debug_str     0x00000000      0x13d main.o
                                0x17f (size before relaxing)
 .debug_str     0x0000013d       0xb0 startup.o
                                0x20d (size before relaxing)

.comment        0x00000000       0x43
 .comment       0x00000000       0x43 main.o
                                 0x44 (size before relaxing)
 .comment       0x00000043       0x44 startup.o

.ARM.attributes
                0x00000000       0x2e
 .ARM.attributes
                0x00000000       0x2e main.o
 .ARM.attributes
                0x0000002e       0x2e startup.o

.debug_frame    0x00000000       0x7c
 .debug_frame   0x00000000       0x2c main.o
 .debug_frame   0x0000002c       0x50 startup.o
