
Memory Configuration

Name             Origin             Length             Attributes
FLASH            0x08000000         0x00020000         xr
SRAM             0x20000000         0x00005000         xrw
*default*        0x00000000         0xffffffff

Linker script and memory map


.text           0x08000000      0x138
 *(.vectors*)
 .vectors       0x08000000       0x1c startup.o
                0x08000000                vectors
 *(.text*)
 .text          0x0800001c       0x7c main.o
                0x0800001c                main
 .text          0x08000098       0xa0 startup.o
                0x08000098                Reset_handler
                0x0800012c                Bus_fault_handler
                0x0800012c                HW_fault_handler
                0x0800012c                Usage_fault_handler
                0x0800012c                MM_fault_handler
                0x0800012c                Default_handler
                0x0800012c                NMI_handler
 *.rodata()
                0x08000138                        _END_text = .

.glue_7         0x08000138        0x0
 .glue_7        0x08000138        0x0 linker stubs

.glue_7t        0x08000138        0x0
 .glue_7t       0x08000138        0x0 linker stubs

.vfp11_veneer   0x08000138        0x0
 .vfp11_veneer  0x08000138        0x0 linker stubs

.v4_bx          0x08000138        0x0
 .v4_bx         0x08000138        0x0 linker stubs

.iplt           0x08000138        0x0
 .iplt          0x08000138        0x0 startup.o

.rel.dyn        0x08000138        0x0
 .rel.iplt      0x08000138        0x0 startup.o

.data           0x20000000        0x4 load address 0x08000138
                0x20000000                        _START_data = .
 *(.data)
 .data          0x20000000        0x3 main.o
                0x20000000                DataArr
 .data          0x20000003        0x0 startup.o
                0x20000004                        . = ALIGN (0x4)
 *fill*         0x20000003        0x1 
                0x20000004                        _END_data = .

.igot.plt       0x20000004        0x0 load address 0x0800013c
 .igot.plt      0x20000004        0x0 startup.o

.bss            0x20000004        0x8 load address 0x0800013c
                0x20000004                        _START_bss = .
 *(.bss)
 .bss           0x20000004        0x8 main.o
                0x20000004                BssStruct
 .bss           0x2000000c        0x0 startup.o
                0x2000000c                        . = ALIGN (0x4)
                0x2000000c                        _END_bss = .
                0x2000100c                        . = (. + 0x1000)
                0x2000100c                        stack_top = .
LOAD main.o
LOAD startup.o
OUTPUT(Lab_2_ARM_Cortex_M3.elf elf32-littlearm)
LOAD linker stubs

.comment        0x00000000       0x43
 .comment       0x00000000       0x43 main.o
                                 0x44 (size before relaxing)
 .comment       0x00000043       0x44 startup.o

.ARM.attributes
                0x00000000       0x2d
 .ARM.attributes
                0x00000000       0x2d main.o
 .ARM.attributes
                0x0000002d       0x2d startup.o
