11:36:58 **** Clean-only build of configuration Debug for project STM32F103C6_Toggle_LED ****
make -j8 clean 
rm -rf ./Startup/startup_stm32f103c6tx.d ./Startup/startup_stm32f103c6tx.o
rm -rf ./Src/main.cyclo ./Src/main.d ./Src/main.o ./Src/main.su ./Src/syscalls.cyclo ./Src/syscalls.d ./Src/syscalls.o ./Src/syscalls.su ./Src/sysmem.cyclo ./Src/sysmem.d ./Src/sysmem.o ./Src/sysmem.su
rm -rf Toggle_LED.elf Toggle_LED.hex Toggle_LED.list Toggle_LED.map default.size.stdout
 
11:36:59 **** Build of configuration Debug for project STM32F103C6_Toggle_LED ****
make -j8 all 
arm-none-eabi-gcc -mcpu=cortex-m3 -g3 -DDEBUG -c -x assembler-with-cpp -MMD -MP -MF"Startup/startup_stm32f103c6tx.d" -MT"Startup/startup_stm32f103c6tx.o" --specs=nano.specs -mfloat-abi=soft -mthumb -o "Startup/startup_stm32f103c6tx.o" "../Startup/startup_stm32f103c6tx.s"
arm-none-eabi-gcc "../Src/main.c" -mcpu=cortex-m3 -std=gnu11 -g3 -DDEBUG -DSTM32 -DSTM32F1 -DSTM32F103C6Tx -c -I../Inc -O0 -ffunction-sections -fdata-sections -Wall -fstack-usage -fcyclomatic-complexity -MMD -MP -MF"Src/main.d" -MT"Src/main.o" --specs=nano.specs -mfloat-abi=soft -mthumb -o "Src/main.o"
arm-none-eabi-gcc "../Src/syscalls.c" -mcpu=cortex-m3 -std=gnu11 -g3 -DDEBUG -DSTM32 -DSTM32F1 -DSTM32F103C6Tx -c -I../Inc -O0 -ffunction-sections -fdata-sections -Wall -fstack-usage -fcyclomatic-complexity -MMD -MP -MF"Src/syscalls.d" -MT"Src/syscalls.o" --specs=nano.specs -mfloat-abi=soft -mthumb -o "Src/syscalls.o"
arm-none-eabi-gcc "../Src/sysmem.c" -mcpu=cortex-m3 -std=gnu11 -g3 -DDEBUG -DSTM32 -DSTM32F1 -DSTM32F103C6Tx -c -I../Inc -O0 -ffunction-sections -fdata-sections -Wall -fstack-usage -fcyclomatic-complexity -MMD -MP -MF"Src/sysmem.d" -MT"Src/sysmem.o" --specs=nano.specs -mfloat-abi=soft -mthumb -o "Src/sysmem.o"
arm-none-eabi-gcc -o "STM32F103C6_Toggle_LED.elf" @"objects.list"   -mcpu=cortex-m3 -T"F:\STUDY\COURSES\Mastering Embedded System Diploma\ASSIGNMENTS\Unit_3_Embedded_C\Lesson_1\STM32F103C6_Toggle_LED\STM32F103C6TX_FLASH.ld" --specs=nosys.specs -Wl,-Map="STM32F103C6_Toggle_LED.map" -Wl,--gc-sections -static --specs=nano.specs -mfloat-abi=soft -mthumb -Wl,--start-group -lc -lm -Wl,--end-group
Finished building target: STM32F103C6_Toggle_LED.elf
 
arm-none-eabi-size  STM32F103C6_Toggle_LED.elf 
arm-none-eabi-objdump -h -S STM32F103C6_Toggle_LED.elf  > "STM32F103C6_Toggle_LED.list"
arm-none-eabi-objcopy  -O ihex STM32F103C6_Toggle_LED.elf  "STM32F103C6_Toggle_LED.hex"
   text	   data	    bss	    dec	    hex	filename
    680	      0	   1568	   2248	    8c8	STM32F103C6_Toggle_LED.elf
Finished building: default.size.stdout
 
Finished building: STM32F103C6_Toggle_LED.list
 
Finished building: STM32F103C6_Toggle_LED.hex
 
